black-j_American-n
black-j_arrow-n
black-j_art-n
black-j_artist-n
black-j_athlete-n
black-j_base-n
black-j_beach-n
black-j_bean-n
black-j_bill-n
black-j_boot-n
black-j_border-n
black-j_box-n
black-j_boy-n
black-j_business-n
black-j_cab-n
black-j_candidate-n
black-j_cap-n
black-j_card-n
black-j_cartridge-n
black-j_case-n
black-j_cat-n
black-j_circle-n
black-j_citizen-n
black-j_cloud-n
black-j_colour-n
black-j_cover-n
black-j_cross-n
black-j_culture-n
black-j_dragon-n
black-j_employee-n
black-j_experience-n
black-j_feather-n
black-j_figure-n
black-j_finish-n
black-j_flag-n
black-j_form-n
black-j_frame-n
black-j_friend-n
black-j_fur-n
black-j_glass-n
black-j_hand-n
black-j_heart-n
black-j_hole-n
black-j_horse-n
black-j_ice-n
black-j_image-n
black-j_ink-n
black-j_interior-n
black-j_issue-n
black-j_knight-n
black-j_life-n
black-j_line-n
black-j_male-n
black-j_manager-n
black-j_market-n
black-j_mass-n
black-j_mayor-n
black-j_member-n
black-j_metal-n
black-j_movement-n
black-j_movie-n
black-j_neighborhood-n
black-j_outfit-n
black-j_page-n
black-j_paper-n
black-j_patch-n
black-j_patient-n
black-j_plastic-n
black-j_plate-n
black-j_powder-n
black-j_prisoner-n
black-j_project-n
black-j_propaganda-n
black-j_radiation-n
black-j_sack-n
black-j_sand-n
black-j_scale-n
black-j_seed-n
black-j_shape-n
black-j_sheet-n
black-j_short-n
black-j_side-n
black-j_sky-n
black-j_slave-n
black-j_sleeve-n
black-j_soldier-n
black-j_staff-n
black-j_stone-n
black-j_strap-n
black-j_streak-n
black-j_stripe-n
black-j_student-n
black-j_taxi-n
black-j_tie-n
black-j_top-n
black-j_triangle-n
black-j_trouser-n
black-j_vinyl-n
black-j_vote-n
black-j_widow-n
black-j_wing-n
black-j_work-n
blue-j_area-n
blue-j_asbestos-n
blue-j_bag-n
blue-j_ball-n
blue-j_base-n
blue-j_bin-n
blue-j_book-n
blue-j_car-n
blue-j_cheese-n
blue-j_color-n
blue-j_colour-n
blue-j_dress-n
blue-j_eye-n
blue-j_face-n
blue-j_field-n
blue-j_filter-n
blue-j_fish-n
blue-j_flag-n
blue-j_flash-n
blue-j_ground-n
blue-j_hair-n
blue-j_hat-n
blue-j_helmet-n
blue-j_label-n
blue-j_laser-n
blue-j_line-n
blue-j_link-n
blue-j_logo-n
blue-j_note-n
blue-j_pencil-n
blue-j_pill-n
blue-j_planet-n
blue-j_ring-n
blue-j_run-n
blue-j_shark-n
blue-j_shield-n
blue-j_square-n
blue-j_state-n
blue-j_thing-n
blue-j_triangle-n
blue-j_uniform-n
blue-j_vinyl-n
blue-j_wave-n
brown-j_asbestos-n
brown-j_band-n
brown-j_bear-n
brown-j_butterfly-n
brown-j_clay-n
brown-j_coal-n
brown-j_coat-n
brown-j_colour-n
brown-j_egg-n
brown-j_fox-n
brown-j_leather-n
brown-j_paint-n
brown-j_rat-n
brown-j_shirt-n
brown-j_soil-n
brown-j_spot-n
brown-j_wing-n
green-j_belt-n
green-j_business-n
green-j_card-n
green-j_channel-n
green-j_circle-n
green-j_cloth-n
green-j_coat-n
green-j_company-n
green-j_countryside-n
green-j_development-n
green-j_earth-n
green-j_electricity-n
green-j_energy-n
green-j_extract-n
green-j_filter-n
green-j_flag-n
green-j_forest-n
green-j_form-n
green-j_future-n
green-j_group-n
green-j_head-n
green-j_hill-n
green-j_icon-n
green-j_idea-n
green-j_image-n
green-j_infrastructure-n
green-j_ink-n
green-j_issue-n
green-j_laser-n
green-j_market-n
green-j_movement-n
green-j_party-n
green-j_politics-n
green-j_product-n
green-j_ribbon-n
green-j_room-n
green-j_service-n
green-j_signal-n
green-j_skin-n
green-j_space-n
green-j_spot-n
green-j_stone-n
green-j_supplier-n
green-j_tariff-n
green-j_tea-n
green-j_technology-n
green-j_valley-n
green-j_wall-n
red-j_ant-n
red-j_army-n
red-j_arrow-n
red-j_ball-n
red-j_base-n
red-j_belt-n
red-j_blood-n
red-j_boot-n
red-j_building-n
red-j_button-n
red-j_car-n
red-j_cliff-n
red-j_color-n
red-j_colour-n
red-j_devil-n
red-j_disc-n
red-j_district-n
red-j_door-n
red-j_dragon-n
red-j_dress-n
red-j_face-n
red-j_feather-n
red-j_flag-n
red-j_flame-n
red-j_flash-n
red-j_flower-n
red-j_glass-n
red-j_granite-n
red-j_hat-n
red-j_label-n
red-j_letter-n
red-j_list-n
red-j_marble-n
red-j_meat-n
red-j_nose-n
red-j_number-n
red-j_oak-n
red-j_oxide-n
red-j_roof-n
red-j_sandstone-n
red-j_scheme-n
red-j_section-n
red-j_shield-n
red-j_signal-n
red-j_soil-n
red-j_strip-n
red-j_symbol-n
red-j_thread-n
red-j_tie-n
red-j_tip-n
red-j_tower-n
red-j_version-n
red-j_wall-n
red-j_water-n
red-j_wire-n
white-j_actor-n
white-j_asbestos-n
white-j_band-n
white-j_bar-n
white-j_bean-n
white-j_belt-n
white-j_bit-n
white-j_body-n
white-j_butterfly-n
white-j_car-n
white-j_cell-n
white-j_cheese-n
white-j_circle-n
white-j_clay-n
white-j_clothes-n
white-j_clothing-n
white-j_cloud-n
white-j_coating-n
white-j_copy-n
white-j_cottage-n
white-j_curtain-n
white-j_dial-n
white-j_dog-n
white-j_elephant-n
white-j_eye-n
white-j_family-n
white-j_father-n
white-j_fence-n
white-j_flash-n
white-j_floor-n
white-j_flour-n
white-j_gate-n
white-j_girl-n
white-j_gold-n
white-j_government-n
white-j_ground-n
white-j_group-n
white-j_hand-n
white-j_hat-n
white-j_hole-n
white-j_house-n
white-j_interior-n
white-j_job-n
white-j_kid-n
white-j_label-n
white-j_lady-n
white-j_lie-n
white-j_light-n
white-j_majority-n
white-j_male-n
white-j_marble-n
white-j_mother-n
white-j_mouse-n
white-j_musician-n
white-j_nationalist-n
white-j_overall-n
white-j_paint-n
white-j_parent-n
white-j_pepper-n
white-j_person-n
white-j_plate-n
white-j_point-n
white-j_rabbit-n
white-j_ribbon-n
white-j_rice-n
white-j_ring-n
white-j_sand-n
white-j_scheme-n
white-j_screen-n
white-j_shoe-n
white-j_side-n
white-j_sleeve-n
white-j_smile-n
white-j_smoke-n
white-j_snow-n
white-j_soldier-n
white-j_space-n
white-j_square-n
white-j_star-n
white-j_tape-n
white-j_text-n
white-j_tie-n
white-j_tile-n
white-j_top-n
white-j_towel-n
white-j_triangle-n
white-j_van-n
white-j_wine-n
white-j_worker-n
yellow-j_ball-n
yellow-j_coat-n
yellow-j_dress-n
yellow-j_duck-n
yellow-j_flag-n
yellow-j_form-n
yellow-j_house-n
yellow-j_line-n
yellow-j_paint-n
yellow-j_panel-n
yellow-j_scheme-n
yellow-j_skin-n
yellow-j_strip-n
yellow-j_stripe-n
yellow-j_wall-n
