American-j_country-n
European-j_state-n
basic-j_rule-n
better-j_job-n
black-j_hair-n
central-j_authority-n
certain-j_circumstance-n
cold-j_air-n
dark-j_eye-n
different-j_kind-n
different-j_part-n
earlier-j_work-n
early-j_age-n
early-j_evening-n
early-j_stage-n
economic-j_condition-n
economic-j_development-n
economic-j_problem-n
effective-j_way-n
efficient-j_use-n
elderly-j_lady-n
elderly-j_woman-n
federal-j_assembly-n
further-j_evidence-n
general-j_level-n
general-j_principle-n
good-j_effect-n
good-j_place-n
great-j_majority-n
high-j_point-n
high-j_price-n
hot-j_weather-n
important-j_part-n
industrial-j_area-n
large-j_number-n
large-j_quantity-n
left-j_arm-n
little-j_room-n
local-j_office-n
long-j_period-n
low-j_cost-n
major-j_issue-n
modern-j_language-n
national-j_government-n
new-j_body-n
new-j_information-n
new-j_law-n
new-j_life-n
new-j_situation-n
new-j_technology-n
northern-j_region-n
old-j_person-n
older-j_man-n
particular-j_case-n
political-j_action-n
practical-j_difficulty-n
present-j_position-n
previous-j_day-n
public-j_building-n
right-j_hand-n
rural-j_community-n
short-j_time-n
significant-j_role-n
similar-j_result-n
small-j_house-n
social-j_activity-n
social-j_event-n
special-j_circumstance-n
various-j_form-n
vast-j_amount-n
whole-j_country-n
whole-j_system-n
