central-j_authority-n
different-j_kind-n
different-j_part-n
further-j_evidence-n
general-j_level-n
good-j_place-n
high-j_point-n
high-j_price-n
important-j_part-n
little-j_room-n
low-j_cost-n
new-j_law-n
new-j_situation-n
new-j_technology-n
northern-j_region-n
old-j_person-n
particular-j_case-n
public-j_building-n
short-j_time-n
small-j_house-n
social-j_event-n
various-j_form-n
vast-j_amount-n
whole-j_country-n
whole-j_system-n
